// Jest Snapshot v1, https://goo.gl/fbAQLP

exports[`<ErrorText /> should render with default props 1`] = `
<styled.p>
  Error has occurred while fetching the data!
</styled.p>
`;
