// Jest Snapshot v1, https://goo.gl/fbAQLP

exports[`<WelcomeText /> should render 1`] = `
<styled.p>
  Welcome! Please select how many nearby drivers you want to see.
</styled.p>
`;
